[    8056ms] [VERBOSE] [DOM] Input elements should have autocomplete attributes (suggested: "current-password"): (More info: https://goo.gl/9p2vKq) %o @ https://edvenswatech.emportal.me/#/:0
[   85492ms] [LOG] {component: , path: /home/ratings, title: Appraisals, state: Object, setType: } @ https://edvenswatech.emportal.me/static/js/main.661aa5ff.js:1
[   85542ms] [LOG] {component: , path: /home/ratings, title: Appraisals, state: Object, setType: } @ https://edvenswatech.emportal.me/static/js/main.661aa5ff.js:1
[   85908ms] [WARNING] AG Grid: colDef.type 'number' does not correspond to defined gridOptions.columnTypes @ https://edvenswatech.emportal.me/static/js/main.661aa5ff.js:1
[   85911ms] [WARNING] AG Grid: colDef.type 'text' does not correspond to defined gridOptions.columnTypes @ https://edvenswatech.emportal.me/static/js/main.661aa5ff.js:1
[   85912ms] [WARNING] AG Grid: colDef.type 'text' does not correspond to defined gridOptions.columnTypes @ https://edvenswatech.emportal.me/static/js/main.661aa5ff.js:1
[   85912ms] [WARNING] AG Grid: colDef.type 'text' does not correspond to defined gridOptions.columnTypes @ https://edvenswatech.emportal.me/static/js/main.661aa5ff.js:1
[   85912ms] [WARNING] AG Grid: colDef.type 'text' does not correspond to defined gridOptions.columnTypes @ https://edvenswatech.emportal.me/static/js/main.661aa5ff.js:1
[   86240ms] [ERROR] Failed to load resource: the server responded with a status of 404 () @ https://edvenswatech.emportal.me/api/emportal/feedback/associate/2214/feature/Appraisals:0
[   96495ms] [LOG] undefined arr @ https://edvenswatech.emportal.me/static/js/main.661aa5ff.js:1
[   96495ms] [LOG] [] trtgg @ https://edvenswatech.emportal.me/static/js/main.661aa5ff.js:1
[   96495ms] [LOG] {} pm @ https://edvenswatech.emportal.me/static/js/main.661aa5ff.js:1
[   96626ms] [LOG] undefined arr @ https://edvenswatech.emportal.me/static/js/main.661aa5ff.js:1
[   96626ms] [LOG] [] trtgg @ https://edvenswatech.emportal.me/static/js/main.661aa5ff.js:1
[   96626ms] [LOG] {} pm @ https://edvenswatech.emportal.me/static/js/main.661aa5ff.js:1
[   96989ms] [LOG] undefined arr @ https://edvenswatech.emportal.me/static/js/main.661aa5ff.js:1
[   96990ms] [LOG] [] trtgg @ https://edvenswatech.emportal.me/static/js/main.661aa5ff.js:1
[   96990ms] [LOG] {} pm @ https://edvenswatech.emportal.me/static/js/main.661aa5ff.js:1
[   97033ms] [ERROR] Failed to load resource: the server responded with a status of 404 () @ https://edvenswatech.emportal.me/api/emportal/feedback/associate/2214/feature/PERF%20Form:0
[   97056ms] [LOG] undefined arr @ https://edvenswatech.emportal.me/static/js/main.661aa5ff.js:1
[   97056ms] [LOG] [] trtgg @ https://edvenswatech.emportal.me/static/js/main.661aa5ff.js:1
[   97056ms] [LOG] {associateId: 2296, fullName: Vamsi Priya V, projects: Stax Payments, username: priya.vadlamudi@edvenswatech.com, tenant_id: 1} pm @ https://edvenswatech.emportal.me/static/js/main.661aa5ff.js:1
[   97093ms] [LOG] undefined arr @ https://edvenswatech.emportal.me/static/js/main.661aa5ff.js:1
[   97093ms] [LOG] [] trtgg @ https://edvenswatech.emportal.me/static/js/main.661aa5ff.js:1
[   97093ms] [LOG] {associateId: 2296, fullName: Vamsi Priya V, projects: Stax Payments, username: priya.vadlamudi@edvenswatech.com, tenant_id: 1} pm @ https://edvenswatech.emportal.me/static/js/main.661aa5ff.js:1
[   98060ms] [LOG] undefined arr @ https://edvenswatech.emportal.me/static/js/main.661aa5ff.js:1
[   98060ms] [LOG] [] trtgg @ https://edvenswatech.emportal.me/static/js/main.661aa5ff.js:1
[   98060ms] [LOG] {associateId: 2296, fullName: Vamsi Priya V, projects: Stax Payments, username: priya.vadlamudi@edvenswatech.com, tenant_id: 1} pm @ https://edvenswatech.emportal.me/static/js/main.661aa5ff.js:1
[   98145ms] [LOG] false arr @ https://edvenswatech.emportal.me/static/js/main.661aa5ff.js:1
[   98145ms] [LOG] [] trtgg @ https://edvenswatech.emportal.me/static/js/main.661aa5ff.js:1
[   98145ms] [LOG] {associateId: 2296, fullName: Vamsi Priya V, projects: Stax Payments, username: priya.vadlamudi@edvenswatech.com, tenant_id: 1} pm @ https://edvenswatech.emportal.me/static/js/main.661aa5ff.js:1
[   98258ms] [LOG] Using processed ratings: [Object, Object, Object, Object, Object, Object, Object, Object, Object, Object, Object, Object, Object, Object, Object, Object] @ https://edvenswatech.emportal.me/static/js/main.661aa5ff.js:1
[   98269ms] [LOG] false arr @ https://edvenswatech.emportal.me/static/js/main.661aa5ff.js:1
[   98270ms] [LOG] [Object, Object, Object, Object, Object, Object, Object, Object, Object, Object, Object, Object, Object, Object, Object, Object] trtgg @ https://edvenswatech.emportal.me/static/js/main.661aa5ff.js:1
[   98270ms] [LOG] {associateId: 2296, fullName: Vamsi Priya V, projects: Stax Payments, username: priya.vadlamudi@edvenswatech.com, tenant_id: 1} pm @ https://edvenswatech.emportal.me/static/js/main.661aa5ff.js:1
[   98414ms] [LOG] false arr @ https://edvenswatech.emportal.me/static/js/main.661aa5ff.js:1
[   98414ms] [LOG] [Object, Object, Object, Object, Object, Object, Object, Object, Object, Object, Object, Object, Object, Object, Object, Object] trtgg @ https://edvenswatech.emportal.me/static/js/main.661aa5ff.js:1
[   98415ms] [LOG] {associateId: 2296, fullName: Vamsi Priya V, projects: Stax Payments, username: priya.vadlamudi@edvenswatech.com, tenant_id: 1} pm @ https://edvenswatech.emportal.me/static/js/main.661aa5ff.js:1
[  108927ms] [LOG] false arr @ https://edvenswatech.emportal.me/static/js/main.661aa5ff.js:1
[  108927ms] [LOG] [Object, Object, Object, Object, Object, Object, Object, Object, Object, Object, Object, Object, Object, Object, Object, Object] trtgg @ https://edvenswatech.emportal.me/static/js/main.661aa5ff.js:1
[  108927ms] [LOG] {associateId: 2296, fullName: Vamsi Priya V, projects: Stax Payments, username: priya.vadlamudi@edvenswatech.com, tenant_id: 1} pm @ https://edvenswatech.emportal.me/static/js/main.661aa5ff.js:1
[  143001ms] [LOG] false arr @ https://edvenswatech.emportal.me/static/js/main.661aa5ff.js:1
[  143001ms] [LOG] [Object, Object, Object, Object, Object, Object, Object, Object, Object, Object, Object, Object, Object, Object, Object, Object] trtgg @ https://edvenswatech.emportal.me/static/js/main.661aa5ff.js:1
[  143002ms] [LOG] {associateId: 2296, fullName: Vamsi Priya V, projects: Stax Payments, username: priya.vadlamudi@edvenswatech.com, tenant_id: 1} pm @ https://edvenswatech.emportal.me/static/js/main.661aa5ff.js:1
[  143137ms] [LOG] 0 0 5 30 [[[[[ @ https://edvenswatech.emportal.me/static/js/main.661aa5ff.js:1
[  143158ms] [LOG] false arr @ https://edvenswatech.emportal.me/static/js/main.661aa5ff.js:1
[  143158ms] [LOG] [Object, Object, Object, Object, Object, Object, Object, Object, Object, Object, Object, Object, Object, Object, Object, Object] trtgg @ https://edvenswatech.emportal.me/static/js/main.661aa5ff.js:1
[  143159ms] [LOG] {associateId: 2296, fullName: Vamsi Priya V, projects: Stax Payments, username: priya.vadlamudi@edvenswatech.com, tenant_id: 1} pm @ https://edvenswatech.emportal.me/static/js/main.661aa5ff.js:1
[  143176ms] [LOG] false arr @ https://edvenswatech.emportal.me/static/js/main.661aa5ff.js:1
[  143176ms] [LOG] [Object, Object, Object, Object, Object, Object, Object, Object, Object, Object, Object, Object, Object, Object, Object, Object] trtgg @ https://edvenswatech.emportal.me/static/js/main.661aa5ff.js:1
[  143176ms] [LOG] {associateId: 2296, fullName: Vamsi Priya V, projects: Stax Payments, username: priya.vadlamudi@edvenswatech.com, tenant_id: 1} pm @ https://edvenswatech.emportal.me/static/js/main.661aa5ff.js:1
[  145258ms] [LOG] {startDateAndTime: 2026-05-18 18:39:17, endDateAndTime: 2026-05-18 18:40:06, ratings: [{"rowIndex":0,"subIndex":0,"rating":5,"comment":"…":0,"comment":"","pmComment":"","editable":true}], comments: , user: Object} @ https://edvenswatech.emportal.me/static/js/main.661aa5ff.js:1
[  145259ms] [LOG] Auto-saving ratings: {startDateAndTime: 2026-05-18 18:39:17, endDateAndTime: 2026-05-18 18:40:06, ratings: [{"rowIndex":0,"subIndex":0,"rating":5,"comment":"…":0,"comment":"","pmComment":"","editable":true}], comments: , user: Object} @ https://edvenswatech.emportal.me/static/js/main.661aa5ff.js:1
[  145259ms] [LOG] Ratings saved! @ https://edvenswatech.emportal.me/static/js/main.661aa5ff.js:1
[  145275ms] [LOG] false arr @ https://edvenswatech.emportal.me/static/js/main.661aa5ff.js:1
[  145275ms] [LOG] [Object, Object, Object, Object, Object, Object, Object, Object, Object, Object, Object, Object, Object, Object, Object, Object] trtgg @ https://edvenswatech.emportal.me/static/js/main.661aa5ff.js:1
[  145275ms] [LOG] {associateId: 2296, fullName: Vamsi Priya V, projects: Stax Payments, username: priya.vadlamudi@edvenswatech.com, tenant_id: 1} pm @ https://edvenswatech.emportal.me/static/js/main.661aa5ff.js:1
[  145631ms] [LOG] Data saved successfully @ https://edvenswatech.emportal.me/static/js/main.661aa5ff.js:1
[  147641ms] [LOG] false arr @ https://edvenswatech.emportal.me/static/js/main.661aa5ff.js:1
[  147641ms] [LOG] [Object, Object, Object, Object, Object, Object, Object, Object, Object, Object, Object, Object, Object, Object, Object, Object] trtgg @ https://edvenswatech.emportal.me/static/js/main.661aa5ff.js:1
[  147642ms] [LOG] {associateId: 2296, fullName: Vamsi Priya V, projects: Stax Payments, username: priya.vadlamudi@edvenswatech.com, tenant_id: 1} pm @ https://edvenswatech.emportal.me/static/js/main.661aa5ff.js:1
[  178028ms] [LOG] 0 0 4.5 30 [[[[[ @ https://edvenswatech.emportal.me/static/js/main.661aa5ff.js:1
[  178047ms] [LOG] false arr @ https://edvenswatech.emportal.me/static/js/main.661aa5ff.js:1
[  178047ms] [LOG] [Object, Object, Object, Object, Object, Object, Object, Object, Object, Object, Object, Object, Object, Object, Object, Object] trtgg @ https://edvenswatech.emportal.me/static/js/main.661aa5ff.js:1
[  178048ms] [LOG] {associateId: 2296, fullName: Vamsi Priya V, projects: Stax Payments, username: priya.vadlamudi@edvenswatech.com, tenant_id: 1} pm @ https://edvenswatech.emportal.me/static/js/main.661aa5ff.js:1
[  178067ms] [LOG] false arr @ https://edvenswatech.emportal.me/static/js/main.661aa5ff.js:1
[  178067ms] [LOG] [Object, Object, Object, Object, Object, Object, Object, Object, Object, Object, Object, Object, Object, Object, Object, Object] trtgg @ https://edvenswatech.emportal.me/static/js/main.661aa5ff.js:1
[  178068ms] [LOG] {associateId: 2296, fullName: Vamsi Priya V, projects: Stax Payments, username: priya.vadlamudi@edvenswatech.com, tenant_id: 1} pm @ https://edvenswatech.emportal.me/static/js/main.661aa5ff.js:1
[  178226ms] [LOG] 0 1 4.5 30 [[[[[ @ https://edvenswatech.emportal.me/static/js/main.661aa5ff.js:1
[  178244ms] [LOG] false arr @ https://edvenswatech.emportal.me/static/js/main.661aa5ff.js:1
[  178244ms] [LOG] [Object, Object, Object, Object, Object, Object, Object, Object, Object, Object, Object, Object, Object, Object, Object, Object] trtgg @ https://edvenswatech.emportal.me/static/js/main.661aa5ff.js:1
[  178245ms] [LOG] {associateId: 2296, fullName: Vamsi Priya V, projects: Stax Payments, username: priya.vadlamudi@edvenswatech.com, tenant_id: 1} pm @ https://edvenswatech.emportal.me/static/js/main.661aa5ff.js:1
[  178267ms] [LOG] false arr @ https://edvenswatech.emportal.me/static/js/main.661aa5ff.js:1
[  178268ms] [LOG] [Object, Object, Object, Object, Object, Object, Object, Object, Object, Object, Object, Object, Object, Object, Object, Object] trtgg @ https://edvenswatech.emportal.me/static/js/main.661aa5ff.js:1
[  178268ms] [LOG] {associateId: 2296, fullName: Vamsi Priya V, projects: Stax Payments, username: priya.vadlamudi@edvenswatech.com, tenant_id: 1} pm @ https://edvenswatech.emportal.me/static/js/main.661aa5ff.js:1
[  178374ms] [LOG] 0 2 4.5 40 [[[[[ @ https://edvenswatech.emportal.me/static/js/main.661aa5ff.js:1
[  178386ms] [LOG] false arr @ https://edvenswatech.emportal.me/static/js/main.661aa5ff.js:1
[  178386ms] [LOG] [Object, Object, Object, Object, Object, Object, Object, Object, Object, Object, Object, Object, Object, Object, Object, Object] trtgg @ https://edvenswatech.emportal.me/static/js/main.661aa5ff.js:1
[  178387ms] [LOG] {associateId: 2296, fullName: Vamsi Priya V, projects: Stax Payments, username: priya.vadlamudi@edvenswatech.com, tenant_id: 1} pm @ https://edvenswatech.emportal.me/static/js/main.661aa5ff.js:1
[  178404ms] [LOG] false arr @ https://edvenswatech.emportal.me/static/js/main.661aa5ff.js:1
[  178404ms] [LOG] [Object, Object, Object, Object, Object, Object, Object, Object, Object, Object, Object, Object, Object, Object, Object, Object] trtgg @ https://edvenswatech.emportal.me/static/js/main.661aa5ff.js:1
[  178404ms] [LOG] {associateId: 2296, fullName: Vamsi Priya V, projects: Stax Payments, username: priya.vadlamudi@edvenswatech.com, tenant_id: 1} pm @ https://edvenswatech.emportal.me/static/js/main.661aa5ff.js:1
[  180492ms] [LOG] {startDateAndTime: 2026-05-18 18:39:17, endDateAndTime: 2026-05-18 18:40:41, ratings: [{"rowIndex":0,"subIndex":0,"rating":4.5,"comment"…":0,"comment":"","pmComment":"","editable":true}], comments: , user: Object} @ https://edvenswatech.emportal.me/static/js/main.661aa5ff.js:1
[  180493ms] [LOG] Auto-saving ratings: {startDateAndTime: 2026-05-18 18:39:17, endDateAndTime: 2026-05-18 18:40:41, ratings: [{"rowIndex":0,"subIndex":0,"rating":4.5,"comment"…":0,"comment":"","pmComment":"","editable":true}], comments: , user: Object} @ https://edvenswatech.emportal.me/static/js/main.661aa5ff.js:1
[  180494ms] [LOG] Ratings saved! @ https://edvenswatech.emportal.me/static/js/main.661aa5ff.js:1
[  180519ms] [LOG] false arr @ https://edvenswatech.emportal.me/static/js/main.661aa5ff.js:1
[  180520ms] [LOG] [Object, Object, Object, Object, Object, Object, Object, Object, Object, Object, Object, Object, Object, Object, Object, Object] trtgg @ https://edvenswatech.emportal.me/static/js/main.661aa5ff.js:1
[  180521ms] [LOG] {associateId: 2296, fullName: Vamsi Priya V, projects: Stax Payments, username: priya.vadlamudi@edvenswatech.com, tenant_id: 1} pm @ https://edvenswatech.emportal.me/static/js/main.661aa5ff.js:1
[  180873ms] [LOG] Data saved successfully @ https://edvenswatech.emportal.me/static/js/main.661aa5ff.js:1
[  182886ms] [LOG] false arr @ https://edvenswatech.emportal.me/static/js/main.661aa5ff.js:1
[  182886ms] [LOG] [Object, Object, Object, Object, Object, Object, Object, Object, Object, Object, Object, Object, Object, Object, Object, Object] trtgg @ https://edvenswatech.emportal.me/static/js/main.661aa5ff.js:1
[  182887ms] [LOG] {associateId: 2296, fullName: Vamsi Priya V, projects: Stax Payments, username: priya.vadlamudi@edvenswatech.com, tenant_id: 1} pm @ https://edvenswatech.emportal.me/static/js/main.661aa5ff.js:1
[  186170ms] [LOG] 0 0 Always be Executing and completing tasks in in-time, without having any delays and latency. Also prioritizing the task as per requirement. llllll @ https://edvenswatech.emportal.me/static/js/main.661aa5ff.js:1
[  186176ms] [LOG] false arr @ https://edvenswatech.emportal.me/static/js/main.661aa5ff.js:1
[  186176ms] [LOG] [Object, Object, Object, Object, Object, Object, Object, Object, Object, Object, Object, Object, Object, Object, Object, Object] trtgg @ https://edvenswatech.emportal.me/static/js/main.661aa5ff.js:1
[  186177ms] [LOG] {associateId: 2296, fullName: Vamsi Priya V, projects: Stax Payments, username: priya.vadlamudi@edvenswatech.com, tenant_id: 1} pm @ https://edvenswatech.emportal.me/static/js/main.661aa5ff.js:1
[  187475ms] [LOG] 0 1 Always giving my best on deliverables. Always be making sure that all the tasks should complete by the end of the sprint. llllll @ https://edvenswatech.emportal.me/static/js/main.661aa5ff.js:1
[  187485ms] [LOG] false arr @ https://edvenswatech.emportal.me/static/js/main.661aa5ff.js:1
[  187485ms] [LOG] [Object, Object, Object, Object, Object, Object, Object, Object, Object, Object, Object, Object, Object, Object, Object, Object] trtgg @ https://edvenswatech.emportal.me/static/js/main.661aa5ff.js:1
[  187486ms] [LOG] {associateId: 2296, fullName: Vamsi Priya V, projects: Stax Payments, username: priya.vadlamudi@edvenswatech.com, tenant_id: 1} pm @ https://edvenswatech.emportal.me/static/js/main.661aa5ff.js:1
[  189011ms] [LOG] 0 2 Always be communicating with stakeholders and also do proactive updates and follow-ups with them to complete tasks in-time. Reaching out the respective stake holders when the requirement is not clear. llllll @ https://edvenswatech.emportal.me/static/js/main.661aa5ff.js:1
[  189018ms] [LOG] false arr @ https://edvenswatech.emportal.me/static/js/main.661aa5ff.js:1
[  189018ms] [LOG] [Object, Object, Object, Object, Object, Object, Object, Object, Object, Object, Object, Object, Object, Object, Object, Object] trtgg @ https://edvenswatech.emportal.me/static/js/main.661aa5ff.js:1
[  189018ms] [LOG] {associateId: 2296, fullName: Vamsi Priya V, projects: Stax Payments, username: priya.vadlamudi@edvenswatech.com, tenant_id: 1} pm @ https://edvenswatech.emportal.me/static/js/main.661aa5ff.js:1
[  191079ms] [LOG] {startDateAndTime: 2026-05-18 18:39:17, endDateAndTime: 2026-05-18 18:40:52, ratings: [{"rowIndex":0,"subIndex":0,"rating":4.5,"comment"…":0,"comment":"","pmComment":"","editable":true}], comments: , user: Object} @ https://edvenswatech.emportal.me/static/js/main.661aa5ff.js:1
[  191079ms] [LOG] Auto-saving ratings: {startDateAndTime: 2026-05-18 18:39:17, endDateAndTime: 2026-05-18 18:40:52, ratings: [{"rowIndex":0,"subIndex":0,"rating":4.5,"comment"…":0,"comment":"","pmComment":"","editable":true}], comments: , user: Object} @ https://edvenswatech.emportal.me/static/js/main.661aa5ff.js:1
[  191080ms] [LOG] Ratings saved! @ https://edvenswatech.emportal.me/static/js/main.661aa5ff.js:1
[  191101ms] [LOG] false arr @ https://edvenswatech.emportal.me/static/js/main.661aa5ff.js:1
[  191101ms] [LOG] [Object, Object, Object, Object, Object, Object, Object, Object, Object, Object, Object, Object, Object, Object, Object, Object] trtgg @ https://edvenswatech.emportal.me/static/js/main.661aa5ff.js:1
[  191102ms] [LOG] {associateId: 2296, fullName: Vamsi Priya V, projects: Stax Payments, username: priya.vadlamudi@edvenswatech.com, tenant_id: 1} pm @ https://edvenswatech.emportal.me/static/js/main.661aa5ff.js:1
[  191457ms] [LOG] Data saved successfully @ https://edvenswatech.emportal.me/static/js/main.661aa5ff.js:1
[  193281ms] [LOG] false arr @ https://edvenswatech.emportal.me/static/js/main.661aa5ff.js:1
[  193281ms] [LOG] [Object, Object, Object, Object, Object, Object, Object, Object, Object, Object, Object, Object, Object, Object, Object, Object] trtgg @ https://edvenswatech.emportal.me/static/js/main.661aa5ff.js:1
[  193282ms] [LOG] {associateId: 2296, fullName: Vamsi Priya V, projects: Stax Payments, username: priya.vadlamudi@edvenswatech.com, tenant_id: 1} pm @ https://edvenswatech.emportal.me/static/js/main.661aa5ff.js:1
[  193523ms] [LOG] false arr @ https://edvenswatech.emportal.me/static/js/main.661aa5ff.js:1
[  193523ms] [LOG] [Object, Object, Object, Object, Object, Object, Object, Object, Object, Object, Object, Object, Object, Object, Object, Object] trtgg @ https://edvenswatech.emportal.me/static/js/main.661aa5ff.js:1
[  193524ms] [LOG] {associateId: 2296, fullName: Vamsi Priya V, projects: Stax Payments, username: priya.vadlamudi@edvenswatech.com, tenant_id: 1} pm @ https://edvenswatech.emportal.me/static/js/main.661aa5ff.js:1
[  194602ms] [LOG] false arr @ https://edvenswatech.emportal.me/static/js/main.661aa5ff.js:1
[  194602ms] [LOG] [Object, Object, Object, Object, Object, Object, Object, Object, Object, Object, Object, Object, Object, Object, Object, Object] trtgg @ https://edvenswatech.emportal.me/static/js/main.661aa5ff.js:1
[  194603ms] [LOG] {associateId: 2296, fullName: Vamsi Priya V, projects: Stax Payments, username: priya.vadlamudi@edvenswatech.com, tenant_id: 1} pm @ https://edvenswatech.emportal.me/static/js/main.661aa5ff.js:1
[  208310ms] [LOG] false arr @ https://edvenswatech.emportal.me/static/js/main.661aa5ff.js:1
[  208310ms] [LOG] [Object, Object, Object, Object, Object, Object, Object, Object, Object, Object, Object, Object, Object, Object, Object, Object] trtgg @ https://edvenswatech.emportal.me/static/js/main.661aa5ff.js:1
[  208311ms] [LOG] {associateId: 2296, fullName: Vamsi Priya V, projects: Stax Payments, username: priya.vadlamudi@edvenswatech.com, tenant_id: 1} pm @ https://edvenswatech.emportal.me/static/js/main.661aa5ff.js:1
[  214888ms] [LOG] 1 0 4.5 20 [[[[[ @ https://edvenswatech.emportal.me/static/js/main.661aa5ff.js:1
[  214897ms] [LOG] false arr @ https://edvenswatech.emportal.me/static/js/main.661aa5ff.js:1
[  214897ms] [LOG] [Object, Object, Object, Object, Object, Object, Object, Object, Object, Object, Object, Object, Object, Object, Object, Object] trtgg @ https://edvenswatech.emportal.me/static/js/main.661aa5ff.js:1
[  214897ms] [LOG] {associateId: 2296, fullName: Vamsi Priya V, projects: Stax Payments, username: priya.vadlamudi@edvenswatech.com, tenant_id: 1} pm @ https://edvenswatech.emportal.me/static/js/main.661aa5ff.js:1
[  214912ms] [LOG] false arr @ https://edvenswatech.emportal.me/static/js/main.661aa5ff.js:1
[  214913ms] [LOG] [Object, Object, Object, Object, Object, Object, Object, Object, Object, Object, Object, Object, Object, Object, Object, Object] trtgg @ https://edvenswatech.emportal.me/static/js/main.661aa5ff.js:1
[  214913ms] [LOG] {associateId: 2296, fullName: Vamsi Priya V, projects: Stax Payments, username: priya.vadlamudi@edvenswatech.com, tenant_id: 1} pm @ https://edvenswatech.emportal.me/static/js/main.661aa5ff.js:1
[  215009ms] [LOG] 1 1 4.5 60 [[[[[ @ https://edvenswatech.emportal.me/static/js/main.661aa5ff.js:1
[  215015ms] [LOG] false arr @ https://edvenswatech.emportal.me/static/js/main.661aa5ff.js:1
[  215016ms] [LOG] [Object, Object, Object, Object, Object, Object, Object, Object, Object, Object, Object, Object, Object, Object, Object, Object] trtgg @ https://edvenswatech.emportal.me/static/js/main.661aa5ff.js:1
[  215017ms] [LOG] {associateId: 2296, fullName: Vamsi Priya V, projects: Stax Payments, username: priya.vadlamudi@edvenswatech.com, tenant_id: 1} pm @ https://edvenswatech.emportal.me/static/js/main.661aa5ff.js:1
[  215027ms] [LOG] false arr @ https://edvenswatech.emportal.me/static/js/main.661aa5ff.js:1
[  215027ms] [LOG] [Object, Object, Object, Object, Object, Object, Object, Object, Object, Object, Object, Object, Object, Object, Object, Object] trtgg @ https://edvenswatech.emportal.me/static/js/main.661aa5ff.js:1
[  215027ms] [LOG] {associateId: 2296, fullName: Vamsi Priya V, projects: Stax Payments, username: priya.vadlamudi@edvenswatech.com, tenant_id: 1} pm @ https://edvenswatech.emportal.me/static/js/main.661aa5ff.js:1
[  215078ms] [LOG] 1 2 4.5 20 [[[[[ @ https://edvenswatech.emportal.me/static/js/main.661aa5ff.js:1
[  215086ms] [LOG] false arr @ https://edvenswatech.emportal.me/static/js/main.661aa5ff.js:1
[  215087ms] [LOG] [Object, Object, Object, Object, Object, Object, Object, Object, Object, Object, Object, Object, Object, Object, Object, Object] trtgg @ https://edvenswatech.emportal.me/static/js/main.661aa5ff.js:1
[  215087ms] [LOG] {associateId: 2296, fullName: Vamsi Priya V, projects: Stax Payments, username: priya.vadlamudi@edvenswatech.com, tenant_id: 1} pm @ https://edvenswatech.emportal.me/static/js/main.661aa5ff.js:1
[  215094ms] [LOG] false arr @ https://edvenswatech.emportal.me/static/js/main.661aa5ff.js:1
[  215094ms] [LOG] [Object, Object, Object, Object, Object, Object, Object, Object, Object, Object, Object, Object, Object, Object, Object, Object] trtgg @ https://edvenswatech.emportal.me/static/js/main.661aa5ff.js:1
[  215095ms] [LOG] {associateId: 2296, fullName: Vamsi Priya V, projects: Stax Payments, username: priya.vadlamudi@edvenswatech.com, tenant_id: 1} pm @ https://edvenswatech.emportal.me/static/js/main.661aa5ff.js:1
[  217150ms] [LOG] {startDateAndTime: 2026-05-18 18:39:17, endDateAndTime: 2026-05-18 18:41:18, ratings: [{"rowIndex":0,"subIndex":0,"rating":4.5,"comment"…":0,"comment":"","pmComment":"","editable":true}], comments: , user: Object} @ https://edvenswatech.emportal.me/static/js/main.661aa5ff.js:1
[  217150ms] [LOG] Auto-saving ratings: {startDateAndTime: 2026-05-18 18:39:17, endDateAndTime: 2026-05-18 18:41:18, ratings: [{"rowIndex":0,"subIndex":0,"rating":4.5,"comment"…":0,"comment":"","pmComment":"","editable":true}], comments: , user: Object} @ https://edvenswatech.emportal.me/static/js/main.661aa5ff.js:1
[  217151ms] [LOG] Ratings saved! @ https://edvenswatech.emportal.me/static/js/main.661aa5ff.js:1
[  217159ms] [LOG] false arr @ https://edvenswatech.emportal.me/static/js/main.661aa5ff.js:1
[  217159ms] [LOG] [Object, Object, Object, Object, Object, Object, Object, Object, Object, Object, Object, Object, Object, Object, Object, Object] trtgg @ https://edvenswatech.emportal.me/static/js/main.661aa5ff.js:1
[  217159ms] [LOG] {associateId: 2296, fullName: Vamsi Priya V, projects: Stax Payments, username: priya.vadlamudi@edvenswatech.com, tenant_id: 1} pm @ https://edvenswatech.emportal.me/static/js/main.661aa5ff.js:1
[  217537ms] [LOG] Data saved successfully @ https://edvenswatech.emportal.me/static/js/main.661aa5ff.js:1
[  219544ms] [LOG] false arr @ https://edvenswatech.emportal.me/static/js/main.661aa5ff.js:1
[  219544ms] [LOG] [Object, Object, Object, Object, Object, Object, Object, Object, Object, Object, Object, Object, Object, Object, Object, Object] trtgg @ https://edvenswatech.emportal.me/static/js/main.661aa5ff.js:1
[  219544ms] [LOG] {associateId: 2296, fullName: Vamsi Priya V, projects: Stax Payments, username: priya.vadlamudi@edvenswatech.com, tenant_id: 1} pm @ https://edvenswatech.emportal.me/static/js/main.661aa5ff.js:1
[  233297ms] [LOG] 1 0 Demonstrates originality when needed by applying creative thinking to solve problems and improve processes. Open to new ideas and able to adapt standard solutions effectively. llllll @ https://edvenswatech.emportal.me/static/js/main.661aa5ff.js:1
[  233305ms] [LOG] false arr @ https://edvenswatech.emportal.me/static/js/main.661aa5ff.js:1
[  233305ms] [LOG] [Object, Object, Object, Object, Object, Object, Object, Object, Object, Object, Object, Object, Object, Object, Object, Object] trtgg @ https://edvenswatech.emportal.me/static/js/main.661aa5ff.js:1
[  233306ms] [LOG] {associateId: 2296, fullName: Vamsi Priya V, projects: Stax Payments, username: priya.vadlamudi@edvenswatech.com, tenant_id: 1} pm @ https://edvenswatech.emportal.me/static/js/main.661aa5ff.js:1
[  233364ms] [LOG] 1 1 Make sure to set up the goals for every quarter as per client and project requirements with the help of the onsite project manager. also applies creative thinking in ways that align with project requirements and organisational objectives. Ideas are practical, relevant, and supportive of team goals. llllll @ https://edvenswatech.emportal.me/static/js/main.661aa5ff.js:1
[  233371ms] [LOG] false arr @ https://edvenswatech.emportal.me/static/js/main.661aa5ff.js:1
[  233372ms] [LOG] [Object, Object, Object, Object, Object, Object, Object, Object, Object, Object, Object, Object, Object, Object, Object, Object] trtgg @ https://edvenswatech.emportal.me/static/js/main.661aa5ff.js:1
[  233372ms] [LOG] {associateId: 2296, fullName: Vamsi Priya V, projects: Stax Payments, username: priya.vadlamudi@edvenswatech.com, tenant_id: 1} pm @ https://edvenswatech.emportal.me/static/js/main.661aa5ff.js:1
[  233421ms] [LOG] 1 2 Whenever any new tasks came that take some time to complete, will plan accordingly in the terms of resource requirement and time taken for each individual task completions. llllll @ https://edvenswatech.emportal.me/static/js/main.661aa5ff.js:1
[  233428ms] [LOG] false arr @ https://edvenswatech.emportal.me/static/js/main.661aa5ff.js:1
[  233428ms] [LOG] [Object, Object, Object, Object, Object, Object, Object, Object, Object, Object, Object, Object, Object, Object, Object, Object] trtgg @ https://edvenswatech.emportal.me/static/js/main.661aa5ff.js:1
[  233428ms] [LOG] {associateId: 2296, fullName: Vamsi Priya V, projects: Stax Payments, username: priya.vadlamudi@edvenswatech.com, tenant_id: 1} pm @ https://edvenswatech.emportal.me/static/js/main.661aa5ff.js:1
[  235480ms] [LOG] {startDateAndTime: 2026-05-18 18:39:17, endDateAndTime: 2026-05-18 18:41:36, ratings: [{"rowIndex":0,"subIndex":0,"rating":4.5,"comment"…":0,"comment":"","pmComment":"","editable":true}], comments: , user: Object} @ https://edvenswatech.emportal.me/static/js/main.661aa5ff.js:1
[  235481ms] [LOG] Auto-saving ratings: {startDateAndTime: 2026-05-18 18:39:17, endDateAndTime: 2026-05-18 18:41:36, ratings: [{"rowIndex":0,"subIndex":0,"rating":4.5,"comment"…":0,"comment":"","pmComment":"","editable":true}], comments: , user: Object} @ https://edvenswatech.emportal.me/static/js/main.661aa5ff.js:1
[  235481ms] [LOG] Ratings saved! @ https://edvenswatech.emportal.me/static/js/main.661aa5ff.js:1
[  235493ms] [LOG] false arr @ https://edvenswatech.emportal.me/static/js/main.661aa5ff.js:1
[  235493ms] [LOG] [Object, Object, Object, Object, Object, Object, Object, Object, Object, Object, Object, Object, Object, Object, Object, Object] trtgg @ https://edvenswatech.emportal.me/static/js/main.661aa5ff.js:1
[  235494ms] [LOG] {associateId: 2296, fullName: Vamsi Priya V, projects: Stax Payments, username: priya.vadlamudi@edvenswatech.com, tenant_id: 1} pm @ https://edvenswatech.emportal.me/static/js/main.661aa5ff.js:1
[  235857ms] [LOG] Data saved successfully @ https://edvenswatech.emportal.me/static/js/main.661aa5ff.js:1
[  237881ms] [LOG] false arr @ https://edvenswatech.emportal.me/static/js/main.661aa5ff.js:1
[  237881ms] [LOG] [Object, Object, Object, Object, Object, Object, Object, Object, Object, Object, Object, Object, Object, Object, Object, Object] trtgg @ https://edvenswatech.emportal.me/static/js/main.661aa5ff.js:1
[  237882ms] [LOG] {associateId: 2296, fullName: Vamsi Priya V, projects: Stax Payments, username: priya.vadlamudi@edvenswatech.com, tenant_id: 1} pm @ https://edvenswatech.emportal.me/static/js/main.661aa5ff.js:1
[  238802ms] [LOG] false arr @ https://edvenswatech.emportal.me/static/js/main.661aa5ff.js:1
[  238802ms] [LOG] [Object, Object, Object, Object, Object, Object, Object, Object, Object, Object, Object, Object, Object, Object, Object, Object] trtgg @ https://edvenswatech.emportal.me/static/js/main.661aa5ff.js:1
[  238802ms] [LOG] {associateId: 2296, fullName: Vamsi Priya V, projects: Stax Payments, username: priya.vadlamudi@edvenswatech.com, tenant_id: 1} pm @ https://edvenswatech.emportal.me/static/js/main.661aa5ff.js:1
[  240068ms] [LOG] false arr @ https://edvenswatech.emportal.me/static/js/main.661aa5ff.js:1
[  240069ms] [LOG] [Object, Object, Object, Object, Object, Object, Object, Object, Object, Object, Object, Object, Object, Object, Object, Object] trtgg @ https://edvenswatech.emportal.me/static/js/main.661aa5ff.js:1
[  240069ms] [LOG] {associateId: 2296, fullName: Vamsi Priya V, projects: Stax Payments, username: priya.vadlamudi@edvenswatech.com, tenant_id: 1} pm @ https://edvenswatech.emportal.me/static/js/main.661aa5ff.js:1
[  251007ms] [LOG] false arr @ https://edvenswatech.emportal.me/static/js/main.661aa5ff.js:1
[  251007ms] [LOG] [Object, Object, Object, Object, Object, Object, Object, Object, Object, Object, Object, Object, Object, Object, Object, Object] trtgg @ https://edvenswatech.emportal.me/static/js/main.661aa5ff.js:1
[  251008ms] [LOG] {associateId: 2296, fullName: Vamsi Priya V, projects: Stax Payments, username: priya.vadlamudi@edvenswatech.com, tenant_id: 1} pm @ https://edvenswatech.emportal.me/static/js/main.661aa5ff.js:1
[  262697ms] [LOG] 2 0 4.5 40 [[[[[ @ https://edvenswatech.emportal.me/static/js/main.661aa5ff.js:1
[  262703ms] [LOG] false arr @ https://edvenswatech.emportal.me/static/js/main.661aa5ff.js:1
[  262703ms] [LOG] [Object, Object, Object, Object, Object, Object, Object, Object, Object, Object, Object, Object, Object, Object, Object, Object] trtgg @ https://edvenswatech.emportal.me/static/js/main.661aa5ff.js:1
[  262704ms] [LOG] {associateId: 2296, fullName: Vamsi Priya V, projects: Stax Payments, username: priya.vadlamudi@edvenswatech.com, tenant_id: 1} pm @ https://edvenswatech.emportal.me/static/js/main.661aa5ff.js:1
[  262714ms] [LOG] false arr @ https://edvenswatech.emportal.me/static/js/main.661aa5ff.js:1
[  262714ms] [LOG] [Object, Object, Object, Object, Object, Object, Object, Object, Object, Object, Object, Object, Object, Object, Object, Object] trtgg @ https://edvenswatech.emportal.me/static/js/main.661aa5ff.js:1
[  262714ms] [LOG] {associateId: 2296, fullName: Vamsi Priya V, projects: Stax Payments, username: priya.vadlamudi@edvenswatech.com, tenant_id: 1} pm @ https://edvenswatech.emportal.me/static/js/main.661aa5ff.js:1
[  262773ms] [LOG] 2 1 4.5 20 [[[[[ @ https://edvenswatech.emportal.me/static/js/main.661aa5ff.js:1
[  262781ms] [LOG] false arr @ https://edvenswatech.emportal.me/static/js/main.661aa5ff.js:1
[  262782ms] [LOG] [Object, Object, Object, Object, Object, Object, Object, Object, Object, Object, Object, Object, Object, Object, Object, Object] trtgg @ https://edvenswatech.emportal.me/static/js/main.661aa5ff.js:1
[  262782ms] [LOG] {associateId: 2296, fullName: Vamsi Priya V, projects: Stax Payments, username: priya.vadlamudi@edvenswatech.com, tenant_id: 1} pm @ https://edvenswatech.emportal.me/static/js/main.661aa5ff.js:1
[  262792ms] [LOG] false arr @ https://edvenswatech.emportal.me/static/js/main.661aa5ff.js:1
[  262792ms] [LOG] [Object, Object, Object, Object, Object, Object, Object, Object, Object, Object, Object, Object, Object, Object, Object, Object] trtgg @ https://edvenswatech.emportal.me/static/js/main.661aa5ff.js:1
[  262792ms] [LOG] {associateId: 2296, fullName: Vamsi Priya V, projects: Stax Payments, username: priya.vadlamudi@edvenswatech.com, tenant_id: 1} pm @ https://edvenswatech.emportal.me/static/js/main.661aa5ff.js:1
[  262835ms] [LOG] 2 2 4.5 40 [[[[[ @ https://edvenswatech.emportal.me/static/js/main.661aa5ff.js:1
[  262842ms] [LOG] false arr @ https://edvenswatech.emportal.me/static/js/main.661aa5ff.js:1
[  262842ms] [LOG] [Object, Object, Object, Object, Object, Object, Object, Object, Object, Object, Object, Object, Object, Object, Object, Object] trtgg @ https://edvenswatech.emportal.me/static/js/main.661aa5ff.js:1
[  262842ms] [LOG] {associateId: 2296, fullName: Vamsi Priya V, projects: Stax Payments, username: priya.vadlamudi@edvenswatech.com, tenant_id: 1} pm @ https://edvenswatech.emportal.me/static/js/main.661aa5ff.js:1
[  262850ms] [LOG] false arr @ https://edvenswatech.emportal.me/static/js/main.661aa5ff.js:1
[  262850ms] [LOG] [Object, Object, Object, Object, Object, Object, Object, Object, Object, Object, Object, Object, Object, Object, Object, Object] trtgg @ https://edvenswatech.emportal.me/static/js/main.661aa5ff.js:1
[  262850ms] [LOG] {associateId: 2296, fullName: Vamsi Priya V, projects: Stax Payments, username: priya.vadlamudi@edvenswatech.com, tenant_id: 1} pm @ https://edvenswatech.emportal.me/static/js/main.661aa5ff.js:1
[  262898ms] [LOG] 2 0 Consistently support team members in completing their tasks by offering assistance, sharing knowledge, and providing guidance. Additionally, actively help with automation-related questions, troubleshooting, and clarifications to ensure smooth progress and team collaboration. llllll @ https://edvenswatech.emportal.me/static/js/main.661aa5ff.js:1
[  262905ms] [LOG] false arr @ https://edvenswatech.emportal.me/static/js/main.661aa5ff.js:1
[  262905ms] [LOG] [Object, Object, Object, Object, Object, Object, Object, Object, Object, Object, Object, Object, Object, Object, Object, Object] trtgg @ https://edvenswatech.emportal.me/static/js/main.661aa5ff.js:1
[  262905ms] [LOG] {associateId: 2296, fullName: Vamsi Priya V, projects: Stax Payments, username: priya.vadlamudi@edvenswatech.com, tenant_id: 1} pm @ https://edvenswatech.emportal.me/static/js/main.661aa5ff.js:1
[  262949ms] [LOG] 2 1 Always remain flexible and adaptable when handling high-priority or time-sensitive tasks, regardless of changing schedules or workloads. Committed to seeing tasks through to completion, ensuring no handoff or follow-up is missed, and maintaining accountability until the work is fully delivered. llllll @ https://edvenswatech.emportal.me/static/js/main.661aa5ff.js:1
[  262957ms] [LOG] false arr @ https://edvenswatech.emportal.me/static/js/main.661aa5ff.js:1
[  262957ms] [LOG] [Object, Object, Object, Object, Object, Object, Object, Object, Object, Object, Object, Object, Object, Object, Object, Object] trtgg @ https://edvenswatech.emportal.me/static/js/main.661aa5ff.js:1
[  262957ms] [LOG] {associateId: 2296, fullName: Vamsi Priya V, projects: Stax Payments, username: priya.vadlamudi@edvenswatech.com, tenant_id: 1} pm @ https://edvenswatech.emportal.me/static/js/main.661aa5ff.js:1
[  262999ms] [LOG] 2 2 Always maintain mutual respect and open communication within the team, fostering a positive and collaborative work environment. Actively listen to others' perspectives, encourage constructive dialogue, and help resolve conflicts professionally and empathetically to support team harmony and productivity. llllll @ https://edvenswatech.emportal.me/static/js/main.661aa5ff.js:1
[  263006ms] [LOG] false arr @ https://edvenswatech.emportal.me/static/js/main.661aa5ff.js:1
[  263006ms] [LOG] [Object, Object, Object, Object, Object, Object, Object, Object, Object, Object, Object, Object, Object, Object, Object, Object] trtgg @ https://edvenswatech.emportal.me/static/js/main.661aa5ff.js:1
[  263006ms] [LOG] {associateId: 2296, fullName: Vamsi Priya V, projects: Stax Payments, username: priya.vadlamudi@edvenswatech.com, tenant_id: 1} pm @ https://edvenswatech.emportal.me/static/js/main.661aa5ff.js:1
[  265051ms] [LOG] {startDateAndTime: 2026-05-18 18:39:17, endDateAndTime: 2026-05-18 18:42:06, ratings: [{"rowIndex":0,"subIndex":0,"rating":4.5,"comment"…":0,"comment":"","pmComment":"","editable":true}], comments: , user: Object} @ https://edvenswatech.emportal.me/static/js/main.661aa5ff.js:1
[  265051ms] [LOG] Auto-saving ratings: {startDateAndTime: 2026-05-18 18:39:17, endDateAndTime: 2026-05-18 18:42:06, ratings: [{"rowIndex":0,"subIndex":0,"rating":4.5,"comment"…":0,"comment":"","pmComment":"","editable":true}], comments: , user: Object} @ https://edvenswatech.emportal.me/static/js/main.661aa5ff.js:1
[  265052ms] [LOG] Ratings saved! @ https://edvenswatech.emportal.me/static/js/main.661aa5ff.js:1
[  265073ms] [LOG] false arr @ https://edvenswatech.emportal.me/static/js/main.661aa5ff.js:1
[  265073ms] [LOG] [Object, Object, Object, Object, Object, Object, Object, Object, Object, Object, Object, Object, Object, Object, Object, Object] trtgg @ https://edvenswatech.emportal.me/static/js/main.661aa5ff.js:1
[  265073ms] [LOG] {associateId: 2296, fullName: Vamsi Priya V, projects: Stax Payments, username: priya.vadlamudi@edvenswatech.com, tenant_id: 1} pm @ https://edvenswatech.emportal.me/static/js/main.661aa5ff.js:1
[  265431ms] [LOG] Data saved successfully @ https://edvenswatech.emportal.me/static/js/main.661aa5ff.js:1
[  267439ms] [LOG] false arr @ https://edvenswatech.emportal.me/static/js/main.661aa5ff.js:1
[  267440ms] [LOG] [Object, Object, Object, Object, Object, Object, Object, Object, Object, Object, Object, Object, Object, Object, Object, Object] trtgg @ https://edvenswatech.emportal.me/static/js/main.661aa5ff.js:1
[  267440ms] [LOG] {associateId: 2296, fullName: Vamsi Priya V, projects: Stax Payments, username: priya.vadlamudi@edvenswatech.com, tenant_id: 1} pm @ https://edvenswatech.emportal.me/static/js/main.661aa5ff.js:1
[  290348ms] [LOG] false arr @ https://edvenswatech.emportal.me/static/js/main.661aa5ff.js:1
[  290349ms] [LOG] [Object, Object, Object, Object, Object, Object, Object, Object, Object, Object, Object, Object, Object, Object, Object, Object] trtgg @ https://edvenswatech.emportal.me/static/js/main.661aa5ff.js:1
[  290349ms] [LOG] {associateId: 2296, fullName: Vamsi Priya V, projects: Stax Payments, username: priya.vadlamudi@edvenswatech.com, tenant_id: 1} pm @ https://edvenswatech.emportal.me/static/js/main.661aa5ff.js:1
[  291700ms] [LOG] false arr @ https://edvenswatech.emportal.me/static/js/main.661aa5ff.js:1
[  291700ms] [LOG] [Object, Object, Object, Object, Object, Object, Object, Object, Object, Object, Object, Object, Object, Object, Object, Object] trtgg @ https://edvenswatech.emportal.me/static/js/main.661aa5ff.js:1
[  291700ms] [LOG] {associateId: 2296, fullName: Vamsi Priya V, projects: Stax Payments, username: priya.vadlamudi@edvenswatech.com, tenant_id: 1} pm @ https://edvenswatech.emportal.me/static/js/main.661aa5ff.js:1
[  296731ms] [LOG] false arr @ https://edvenswatech.emportal.me/static/js/main.661aa5ff.js:1
[  296731ms] [LOG] [Object, Object, Object, Object, Object, Object, Object, Object, Object, Object, Object, Object, Object, Object, Object, Object] trtgg @ https://edvenswatech.emportal.me/static/js/main.661aa5ff.js:1
[  296732ms] [LOG] {associateId: 2296, fullName: Vamsi Priya V, projects: Stax Payments, username: priya.vadlamudi@edvenswatech.com, tenant_id: 1} pm @ https://edvenswatech.emportal.me/static/js/main.661aa5ff.js:1
[  307054ms] [LOG] 3 0 4.5 30 [[[[[ @ https://edvenswatech.emportal.me/static/js/main.661aa5ff.js:1
[  307066ms] [LOG] false arr @ https://edvenswatech.emportal.me/static/js/main.661aa5ff.js:1
[  307066ms] [LOG] [Object, Object, Object, Object, Object, Object, Object, Object, Object, Object, Object, Object, Object, Object, Object, Object] trtgg @ https://edvenswatech.emportal.me/static/js/main.661aa5ff.js:1
[  307067ms] [LOG] {associateId: 2296, fullName: Vamsi Priya V, projects: Stax Payments, username: priya.vadlamudi@edvenswatech.com, tenant_id: 1} pm @ https://edvenswatech.emportal.me/static/js/main.661aa5ff.js:1
[  307083ms] [LOG] false arr @ https://edvenswatech.emportal.me/static/js/main.661aa5ff.js:1
[  307083ms] [LOG] [Object, Object, Object, Object, Object, Object, Object, Object, Object, Object, Object, Object, Object, Object, Object, Object] trtgg @ https://edvenswatech.emportal.me/static/js/main.661aa5ff.js:1
[  307083ms] [LOG] {associateId: 2296, fullName: Vamsi Priya V, projects: Stax Payments, username: priya.vadlamudi@edvenswatech.com, tenant_id: 1} pm @ https://edvenswatech.emportal.me/static/js/main.661aa5ff.js:1
[  307158ms] [LOG] 3 1 4.5 30 [[[[[ @ https://edvenswatech.emportal.me/static/js/main.661aa5ff.js:1
[  307172ms] [LOG] false arr @ https://edvenswatech.emportal.me/static/js/main.661aa5ff.js:1
[  307172ms] [LOG] [Object, Object, Object, Object, Object, Object, Object, Object, Object, Object, Object, Object, Object, Object, Object, Object] trtgg @ https://edvenswatech.emportal.me/static/js/main.661aa5ff.js:1
[  307172ms] [LOG] {associateId: 2296, fullName: Vamsi Priya V, projects: Stax Payments, username: priya.vadlamudi@edvenswatech.com, tenant_id: 1} pm @ https://edvenswatech.emportal.me/static/js/main.661aa5ff.js:1
[  307183ms] [LOG] false arr @ https://edvenswatech.emportal.me/static/js/main.661aa5ff.js:1
[  307183ms] [LOG] [Object, Object, Object, Object, Object, Object, Object, Object, Object, Object, Object, Object, Object, Object, Object, Object] trtgg @ https://edvenswatech.emportal.me/static/js/main.661aa5ff.js:1
[  307183ms] [LOG] {associateId: 2296, fullName: Vamsi Priya V, projects: Stax Payments, username: priya.vadlamudi@edvenswatech.com, tenant_id: 1} pm @ https://edvenswatech.emportal.me/static/js/main.661aa5ff.js:1
[  307267ms] [LOG] 3 2 4.5 40 [[[[[ @ https://edvenswatech.emportal.me/static/js/main.661aa5ff.js:1
[  307279ms] [LOG] false arr @ https://edvenswatech.emportal.me/static/js/main.661aa5ff.js:1
[  307280ms] [LOG] [Object, Object, Object, Object, Object, Object, Object, Object, Object, Object, Object, Object, Object, Object, Object, Object] trtgg @ https://edvenswatech.emportal.me/static/js/main.661aa5ff.js:1
[  307280ms] [LOG] {associateId: 2296, fullName: Vamsi Priya V, projects: Stax Payments, username: priya.vadlamudi@edvenswatech.com, tenant_id: 1} pm @ https://edvenswatech.emportal.me/static/js/main.661aa5ff.js:1
[  307297ms] [LOG] false arr @ https://edvenswatech.emportal.me/static/js/main.661aa5ff.js:1
[  307297ms] [LOG] [Object, Object, Object, Object, Object, Object, Object, Object, Object, Object, Object, Object, Object, Object, Object, Object] trtgg @ https://edvenswatech.emportal.me/static/js/main.661aa5ff.js:1
[  307297ms] [LOG] {associateId: 2296, fullName: Vamsi Priya V, projects: Stax Payments, username: priya.vadlamudi@edvenswatech.com, tenant_id: 1} pm @ https://edvenswatech.emportal.me/static/js/main.661aa5ff.js:1
[  307392ms] [LOG] 3 0 Always be ready to follow policies and procedures, and have the ability to promote compliance among peers. Also, strictly on time login and come to the office. Before informing if any delays. llllll @ https://edvenswatech.emportal.me/static/js/main.661aa5ff.js:1
[  307402ms] [LOG] false arr @ https://edvenswatech.emportal.me/static/js/main.661aa5ff.js:1
[  307402ms] [LOG] [Object, Object, Object, Object, Object, Object, Object, Object, Object, Object, Object, Object, Object, Object, Object, Object] trtgg @ https://edvenswatech.emportal.me/static/js/main.661aa5ff.js:1
[  307403ms] [LOG] {associateId: 2296, fullName: Vamsi Priya V, projects: Stax Payments, username: priya.vadlamudi@edvenswatech.com, tenant_id: 1} pm @ https://edvenswatech.emportal.me/static/js/main.661aa5ff.js:1
[  307475ms] [LOG] 3 1 Always be following established rules, processes, timelines and the ability to resolve compliance-related issues by identifying and addressing them promptly. llllll @ https://edvenswatech.emportal.me/static/js/main.661aa5ff.js:1
[  307483ms] [LOG] false arr @ https://edvenswatech.emportal.me/static/js/main.661aa5ff.js:1
[  307483ms] [LOG] [Object, Object, Object, Object, Object, Object, Object, Object, Object, Object, Object, Object, Object, Object, Object, Object] trtgg @ https://edvenswatech.emportal.me/static/js/main.661aa5ff.js:1
[  307484ms] [LOG] {associateId: 2296, fullName: Vamsi Priya V, projects: Stax Payments, username: priya.vadlamudi@edvenswatech.com, tenant_id: 1} pm @ https://edvenswatech.emportal.me/static/js/main.661aa5ff.js:1
[  307572ms] [LOG] 3 2 Always stay prepared to maintain accurate and up-to-date compliance-related documentation and records. Ensure all relevant data is captured, organized, and regularly updated to meet audit, regulatory, and organizational standards. Proactively monitor for any changes and make timely updates to support ongoing compliance and accountability. llllll @ https://edvenswatech.emportal.me/static/js/main.661aa5ff.js:1
[  307584ms] [LOG] false arr @ https://edvenswatech.emportal.me/static/js/main.661aa5ff.js:1
[  307585ms] [LOG] [Object, Object, Object, Object, Object, Object, Object, Object, Object, Object, Object, Object, Object, Object, Object, Object] trtgg @ https://edvenswatech.emportal.me/static/js/main.661aa5ff.js:1
[  307585ms] [LOG] {associateId: 2296, fullName: Vamsi Priya V, projects: Stax Payments, username: priya.vadlamudi@edvenswatech.com, tenant_id: 1} pm @ https://edvenswatech.emportal.me/static/js/main.661aa5ff.js:1
[  309683ms] [LOG] {startDateAndTime: 2026-05-18 18:39:17, endDateAndTime: 2026-05-18 18:42:50, ratings: [{"rowIndex":0,"subIndex":0,"rating":4.5,"comment"…":0,"comment":"","pmComment":"","editable":true}], comments: , user: Object} @ https://edvenswatech.emportal.me/static/js/main.661aa5ff.js:1
[  309684ms] [LOG] Auto-saving ratings: {startDateAndTime: 2026-05-18 18:39:17, endDateAndTime: 2026-05-18 18:42:50, ratings: [{"rowIndex":0,"subIndex":0,"rating":4.5,"comment"…":0,"comment":"","pmComment":"","editable":true}], comments: , user: Object} @ https://edvenswatech.emportal.me/static/js/main.661aa5ff.js:1
[  309684ms] [LOG] Ratings saved! @ https://edvenswatech.emportal.me/static/js/main.661aa5ff.js:1
[  309700ms] [LOG] false arr @ https://edvenswatech.emportal.me/static/js/main.661aa5ff.js:1
[  309700ms] [LOG] [Object, Object, Object, Object, Object, Object, Object, Object, Object, Object, Object, Object, Object, Object, Object, Object] trtgg @ https://edvenswatech.emportal.me/static/js/main.661aa5ff.js:1
[  309700ms] [LOG] {associateId: 2296, fullName: Vamsi Priya V, projects: Stax Payments, username: priya.vadlamudi@edvenswatech.com, tenant_id: 1} pm @ https://edvenswatech.emportal.me/static/js/main.661aa5ff.js:1
[  310062ms] [LOG] Data saved successfully @ https://edvenswatech.emportal.me/static/js/main.661aa5ff.js:1
[  312075ms] [LOG] false arr @ https://edvenswatech.emportal.me/static/js/main.661aa5ff.js:1
[  312075ms] [LOG] [Object, Object, Object, Object, Object, Object, Object, Object, Object, Object, Object, Object, Object, Object, Object, Object] trtgg @ https://edvenswatech.emportal.me/static/js/main.661aa5ff.js:1
[  312075ms] [LOG] {associateId: 2296, fullName: Vamsi Priya V, projects: Stax Payments, username: priya.vadlamudi@edvenswatech.com, tenant_id: 1} pm @ https://edvenswatech.emportal.me/static/js/main.661aa5ff.js:1
[  313910ms] [LOG] false arr @ https://edvenswatech.emportal.me/static/js/main.661aa5ff.js:1
[  313910ms] [LOG] [Object, Object, Object, Object, Object, Object, Object, Object, Object, Object, Object, Object, Object, Object, Object, Object] trtgg @ https://edvenswatech.emportal.me/static/js/main.661aa5ff.js:1
[  313911ms] [LOG] {associateId: 2296, fullName: Vamsi Priya V, projects: Stax Payments, username: priya.vadlamudi@edvenswatech.com, tenant_id: 1} pm @ https://edvenswatech.emportal.me/static/js/main.661aa5ff.js:1
[  315253ms] [LOG] false arr @ https://edvenswatech.emportal.me/static/js/main.661aa5ff.js:1
[  315253ms] [LOG] [Object, Object, Object, Object, Object, Object, Object, Object, Object, Object, Object, Object, Object, Object, Object, Object] trtgg @ https://edvenswatech.emportal.me/static/js/main.661aa5ff.js:1
[  315253ms] [LOG] {associateId: 2296, fullName: Vamsi Priya V, projects: Stax Payments, username: priya.vadlamudi@edvenswatech.com, tenant_id: 1} pm @ https://edvenswatech.emportal.me/static/js/main.661aa5ff.js:1
[  320006ms] [LOG] false arr @ https://edvenswatech.emportal.me/static/js/main.661aa5ff.js:1
[  320006ms] [LOG] [Object, Object, Object, Object, Object, Object, Object, Object, Object, Object, Object, Object, Object, Object, Object, Object] trtgg @ https://edvenswatech.emportal.me/static/js/main.661aa5ff.js:1
[  320006ms] [LOG] {associateId: 2296, fullName: Vamsi Priya V, projects: Stax Payments, username: priya.vadlamudi@edvenswatech.com, tenant_id: 1} pm @ https://edvenswatech.emportal.me/static/js/main.661aa5ff.js:1
[  336857ms] [LOG] 4 0 4.5 30 [[[[[ @ https://edvenswatech.emportal.me/static/js/main.661aa5ff.js:1
[  336867ms] [LOG] false arr @ https://edvenswatech.emportal.me/static/js/main.661aa5ff.js:1
[  336867ms] [LOG] [Object, Object, Object, Object, Object, Object, Object, Object, Object, Object, Object, Object, Object, Object, Object, Object] trtgg @ https://edvenswatech.emportal.me/static/js/main.661aa5ff.js:1
[  336867ms] [LOG] {associateId: 2296, fullName: Vamsi Priya V, projects: Stax Payments, username: priya.vadlamudi@edvenswatech.com, tenant_id: 1} pm @ https://edvenswatech.emportal.me/static/js/main.661aa5ff.js:1
[  336875ms] [LOG] false arr @ https://edvenswatech.emportal.me/static/js/main.661aa5ff.js:1
[  336875ms] [LOG] [Object, Object, Object, Object, Object, Object, Object, Object, Object, Object, Object, Object, Object, Object, Object, Object] trtgg @ https://edvenswatech.emportal.me/static/js/main.661aa5ff.js:1
[  336876ms] [LOG] {associateId: 2296, fullName: Vamsi Priya V, projects: Stax Payments, username: priya.vadlamudi@edvenswatech.com, tenant_id: 1} pm @ https://edvenswatech.emportal.me/static/js/main.661aa5ff.js:1
[  336951ms] [LOG] 4 1 4.5 20 [[[[[ @ https://edvenswatech.emportal.me/static/js/main.661aa5ff.js:1
[  336957ms] [LOG] false arr @ https://edvenswatech.emportal.me/static/js/main.661aa5ff.js:1
[  336957ms] [LOG] [Object, Object, Object, Object, Object, Object, Object, Object, Object, Object, Object, Object, Object, Object, Object, Object] trtgg @ https://edvenswatech.emportal.me/static/js/main.661aa5ff.js:1
[  336957ms] [LOG] {associateId: 2296, fullName: Vamsi Priya V, projects: Stax Payments, username: priya.vadlamudi@edvenswatech.com, tenant_id: 1} pm @ https://edvenswatech.emportal.me/static/js/main.661aa5ff.js:1
[  336966ms] [LOG] false arr @ https://edvenswatech.emportal.me/static/js/main.661aa5ff.js:1
[  336967ms] [LOG] [Object, Object, Object, Object, Object, Object, Object, Object, Object, Object, Object, Object, Object, Object, Object, Object] trtgg @ https://edvenswatech.emportal.me/static/js/main.661aa5ff.js:1
[  336967ms] [LOG] {associateId: 2296, fullName: Vamsi Priya V, projects: Stax Payments, username: priya.vadlamudi@edvenswatech.com, tenant_id: 1} pm @ https://edvenswatech.emportal.me/static/js/main.661aa5ff.js:1
[  337013ms] [LOG] 4 2 4.5 10 [[[[[ @ https://edvenswatech.emportal.me/static/js/main.661aa5ff.js:1
[  337023ms] [LOG] false arr @ https://edvenswatech.emportal.me/static/js/main.661aa5ff.js:1
[  337023ms] [LOG] [Object, Object, Object, Object, Object, Object, Object, Object, Object, Object, Object, Object, Object, Object, Object, Object] trtgg @ https://edvenswatech.emportal.me/static/js/main.661aa5ff.js:1
[  337023ms] [LOG] {associateId: 2296, fullName: Vamsi Priya V, projects: Stax Payments, username: priya.vadlamudi@edvenswatech.com, tenant_id: 1} pm @ https://edvenswatech.emportal.me/static/js/main.661aa5ff.js:1
[  337034ms] [LOG] false arr @ https://edvenswatech.emportal.me/static/js/main.661aa5ff.js:1
[  337034ms] [LOG] [Object, Object, Object, Object, Object, Object, Object, Object, Object, Object, Object, Object, Object, Object, Object, Object] trtgg @ https://edvenswatech.emportal.me/static/js/main.661aa5ff.js:1
[  337035ms] [LOG] {associateId: 2296, fullName: Vamsi Priya V, projects: Stax Payments, username: priya.vadlamudi@edvenswatech.com, tenant_id: 1} pm @ https://edvenswatech.emportal.me/static/js/main.661aa5ff.js:1
[  337091ms] [LOG] 4 3 4.5 40 [[[[[ @ https://edvenswatech.emportal.me/static/js/main.661aa5ff.js:1
[  337097ms] [LOG] false arr @ https://edvenswatech.emportal.me/static/js/main.661aa5ff.js:1
[  337097ms] [LOG] [Object, Object, Object, Object, Object, Object, Object, Object, Object, Object, Object, Object, Object, Object, Object, Object] trtgg @ https://edvenswatech.emportal.me/static/js/main.661aa5ff.js:1
[  337098ms] [LOG] {associateId: 2296, fullName: Vamsi Priya V, projects: Stax Payments, username: priya.vadlamudi@edvenswatech.com, tenant_id: 1} pm @ https://edvenswatech.emportal.me/static/js/main.661aa5ff.js:1
[  337109ms] [LOG] false arr @ https://edvenswatech.emportal.me/static/js/main.661aa5ff.js:1
[  337109ms] [LOG] [Object, Object, Object, Object, Object, Object, Object, Object, Object, Object, Object, Object, Object, Object, Object, Object] trtgg @ https://edvenswatech.emportal.me/static/js/main.661aa5ff.js:1
[  337109ms] [LOG] {associateId: 2296, fullName: Vamsi Priya V, projects: Stax Payments, username: priya.vadlamudi@edvenswatech.com, tenant_id: 1} pm @ https://edvenswatech.emportal.me/static/js/main.661aa5ff.js:1
[  337161ms] [LOG] 4 0 Always be commitment to understanding customer requirements and delivering with ease and efficiency to exceed their expectations. Also make sure to reach out the respected POC's to complete/fulfill the commitment. llllll @ https://edvenswatech.emportal.me/static/js/main.661aa5ff.js:1
[  337172ms] [LOG] false arr @ https://edvenswatech.emportal.me/static/js/main.661aa5ff.js:1
[  337172ms] [LOG] [Object, Object, Object, Object, Object, Object, Object, Object, Object, Object, Object, Object, Object, Object, Object, Object] trtgg @ https://edvenswatech.emportal.me/static/js/main.661aa5ff.js:1
[  337173ms] [LOG] {associateId: 2296, fullName: Vamsi Priya V, projects: Stax Payments, username: priya.vadlamudi@edvenswatech.com, tenant_id: 1} pm @ https://edvenswatech.emportal.me/static/js/main.661aa5ff.js:1
[  337227ms] [LOG] 4 1 Working on value creation by learning AI Tools, prompt engineering, and also doing some additional value creation, like learning Selenium with Python and Playwright. Started certification for Cribl Admin - Edge. Implemented Emportal automation to help team members. llllll @ https://edvenswatech.emportal.me/static/js/main.661aa5ff.js:1
[  337235ms] [LOG] false arr @ https://edvenswatech.emportal.me/static/js/main.661aa5ff.js:1
[  337235ms] [LOG] [Object, Object, Object, Object, Object, Object, Object, Object, Object, Object, Object, Object, Object, Object, Object, Object] trtgg @ https://edvenswatech.emportal.me/static/js/main.661aa5ff.js:1
[  337235ms] [LOG] {associateId: 2296, fullName: Vamsi Priya V, projects: Stax Payments, username: priya.vadlamudi@edvenswatech.com, tenant_id: 1} pm @ https://edvenswatech.emportal.me/static/js/main.661aa5ff.js:1
[  337288ms] [LOG] 4 2 I have always made significant strides in cost optimization, and his efforts are highly valued. We look forward to his continued contributions to our cost efficiency goals. llllll @ https://edvenswatech.emportal.me/static/js/main.661aa5ff.js:1
[  337296ms] [LOG] false arr @ https://edvenswatech.emportal.me/static/js/main.661aa5ff.js:1
[  337296ms] [LOG] [Object, Object, Object, Object, Object, Object, Object, Object, Object, Object, Object, Object, Object, Object, Object, Object] trtgg @ https://edvenswatech.emportal.me/static/js/main.661aa5ff.js:1
[  337296ms] [LOG] {associateId: 2296, fullName: Vamsi Priya V, projects: Stax Payments, username: priya.vadlamudi@edvenswatech.com, tenant_id: 1} pm @ https://edvenswatech.emportal.me/static/js/main.661aa5ff.js:1
[  337343ms] [LOG] 4 3 I have always made significant strides in brand promotion, and my efforts are highly valued. I'm looking forward to continued contributions to our brand-building goals. llllll @ https://edvenswatech.emportal.me/static/js/main.661aa5ff.js:1
[  337350ms] [LOG] false arr @ https://edvenswatech.emportal.me/static/js/main.661aa5ff.js:1
[  337351ms] [LOG] [Object, Object, Object, Object, Object, Object, Object, Object, Object, Object, Object, Object, Object, Object, Object, Object] trtgg @ https://edvenswatech.emportal.me/static/js/main.661aa5ff.js:1
[  337351ms] [LOG] {associateId: 2296, fullName: Vamsi Priya V, projects: Stax Payments, username: priya.vadlamudi@edvenswatech.com, tenant_id: 1} pm @ https://edvenswatech.emportal.me/static/js/main.661aa5ff.js:1
[  339406ms] [LOG] {startDateAndTime: 2026-05-18 18:39:17, endDateAndTime: 2026-05-18 18:43:20, ratings: [{"rowIndex":0,"subIndex":0,"rating":4.5,"comment"…8:43:18","ratecmtEndTime":"2026-05-18 18:43:18"}], comments: , user: Object} @ https://edvenswatech.emportal.me/static/js/main.661aa5ff.js:1
[  339406ms] [LOG] Auto-saving ratings: {startDateAndTime: 2026-05-18 18:39:17, endDateAndTime: 2026-05-18 18:43:20, ratings: [{"rowIndex":0,"subIndex":0,"rating":4.5,"comment"…8:43:18","ratecmtEndTime":"2026-05-18 18:43:18"}], comments: , user: Object} @ https://edvenswatech.emportal.me/static/js/main.661aa5ff.js:1
[  339407ms] [LOG] Ratings saved! @ https://edvenswatech.emportal.me/static/js/main.661aa5ff.js:1
[  339419ms] [LOG] false arr @ https://edvenswatech.emportal.me/static/js/main.661aa5ff.js:1
[  339419ms] [LOG] [Object, Object, Object, Object, Object, Object, Object, Object, Object, Object, Object, Object, Object, Object, Object, Object] trtgg @ https://edvenswatech.emportal.me/static/js/main.661aa5ff.js:1
[  339419ms] [LOG] {associateId: 2296, fullName: Vamsi Priya V, projects: Stax Payments, username: priya.vadlamudi@edvenswatech.com, tenant_id: 1} pm @ https://edvenswatech.emportal.me/static/js/main.661aa5ff.js:1
[  339785ms] [LOG] Data saved successfully @ https://edvenswatech.emportal.me/static/js/main.661aa5ff.js:1
[  341820ms] [LOG] false arr @ https://edvenswatech.emportal.me/static/js/main.661aa5ff.js:1
[  341820ms] [LOG] [Object, Object, Object, Object, Object, Object, Object, Object, Object, Object, Object, Object, Object, Object, Object, Object] trtgg @ https://edvenswatech.emportal.me/static/js/main.661aa5ff.js:1
[  341821ms] [LOG] {associateId: 2296, fullName: Vamsi Priya V, projects: Stax Payments, username: priya.vadlamudi@edvenswatech.com, tenant_id: 1} pm @ https://edvenswatech.emportal.me/static/js/main.661aa5ff.js:1
[  351188ms] [LOG] false arr @ https://edvenswatech.emportal.me/static/js/main.661aa5ff.js:1
[  351189ms] [LOG] [Object, Object, Object, Object, Object, Object, Object, Object, Object, Object, Object, Object, Object, Object, Object, Object] trtgg @ https://edvenswatech.emportal.me/static/js/main.661aa5ff.js:1
[  351189ms] [LOG] {associateId: 2296, fullName: Vamsi Priya V, projects: Stax Payments, username: priya.vadlamudi@edvenswatech.com, tenant_id: 1} pm @ https://edvenswatech.emportal.me/static/js/main.661aa5ff.js:1
[  359909ms] [LOG] false arr @ https://edvenswatech.emportal.me/static/js/main.661aa5ff.js:1
[  359909ms] [LOG] [Object, Object, Object, Object, Object, Object, Object, Object, Object, Object, Object, Object, Object, Object, Object, Object] trtgg @ https://edvenswatech.emportal.me/static/js/main.661aa5ff.js:1
[  359910ms] [LOG] {associateId: 2296, fullName: Vamsi Priya V, projects: Stax Payments, username: priya.vadlamudi@edvenswatech.com, tenant_id: 1} pm @ https://edvenswatech.emportal.me/static/js/main.661aa5ff.js:1
[  384294ms] [LOG] false arr @ https://edvenswatech.emportal.me/static/js/main.661aa5ff.js:1
[  384294ms] [LOG] [Object, Object, Object, Object, Object, Object, Object, Object, Object, Object, Object, Object, Object, Object, Object, Object] trtgg @ https://edvenswatech.emportal.me/static/js/main.661aa5ff.js:1
[  384294ms] [LOG] {associateId: 2296, fullName: Vamsi Priya V, projects: Stax Payments, username: priya.vadlamudi@edvenswatech.com, tenant_id: 1} pm @ https://edvenswatech.emportal.me/static/js/main.661aa5ff.js:1
[  417332ms] [LOG] false arr @ https://edvenswatech.emportal.me/static/js/main.661aa5ff.js:1
[  417333ms] [LOG] [Object, Object, Object, Object, Object, Object, Object, Object, Object, Object, Object, Object, Object, Object, Object, Object] trtgg @ https://edvenswatech.emportal.me/static/js/main.661aa5ff.js:1
[  417333ms] [LOG] {associateId: 2296, fullName: Vamsi Priya V, projects: Stax Payments, username: priya.vadlamudi@edvenswatech.com, tenant_id: 1} pm @ https://edvenswatech.emportal.me/static/js/main.661aa5ff.js:1
[  417408ms] [LOG] false arr @ https://edvenswatech.emportal.me/static/js/main.661aa5ff.js:1
[  417408ms] [LOG] [Object, Object, Object, Object, Object, Object, Object, Object, Object, Object, Object, Object, Object, Object, Object, Object] trtgg @ https://edvenswatech.emportal.me/static/js/main.661aa5ff.js:1
[  417408ms] [LOG] {associateId: 2296, fullName: Vamsi Priya V, projects: Stax Payments, username: priya.vadlamudi@edvenswatech.com, tenant_id: 1} pm @ https://edvenswatech.emportal.me/static/js/main.661aa5ff.js:1
[  417472ms] [LOG] false arr @ https://edvenswatech.emportal.me/static/js/main.661aa5ff.js:1
[  417472ms] [LOG] [Object, Object, Object, Object, Object, Object, Object, Object, Object, Object, Object, Object, Object, Object, Object, Object] trtgg @ https://edvenswatech.emportal.me/static/js/main.661aa5ff.js:1
[  417472ms] [LOG] {associateId: 2296, fullName: Vamsi Priya V, projects: Stax Payments, username: priya.vadlamudi@edvenswatech.com, tenant_id: 1} pm @ https://edvenswatech.emportal.me/static/js/main.661aa5ff.js:1
[  499513ms] [LOG] false arr @ https://edvenswatech.emportal.me/static/js/main.661aa5ff.js:1
[  499513ms] [LOG] [Object, Object, Object, Object, Object, Object, Object, Object, Object, Object, Object, Object, Object, Object, Object, Object] trtgg @ https://edvenswatech.emportal.me/static/js/main.661aa5ff.js:1
[  499513ms] [LOG] {associateId: 2296, fullName: Vamsi Priya V, projects: Stax Payments, username: priya.vadlamudi@edvenswatech.com, tenant_id: 1} pm @ https://edvenswatech.emportal.me/static/js/main.661aa5ff.js:1
[  500297ms] [LOG] false arr @ https://edvenswatech.emportal.me/static/js/main.661aa5ff.js:1
[  500298ms] [LOG] [Object, Object, Object, Object, Object, Object, Object, Object, Object, Object, Object, Object, Object, Object, Object, Object] trtgg @ https://edvenswatech.emportal.me/static/js/main.661aa5ff.js:1
[  500298ms] [LOG] {associateId: 2296, fullName: Vamsi Priya V, projects: Stax Payments, username: priya.vadlamudi@edvenswatech.com, tenant_id: 1} pm @ https://edvenswatech.emportal.me/static/js/main.661aa5ff.js:1
[  500459ms] [LOG] false arr @ https://edvenswatech.emportal.me/static/js/main.661aa5ff.js:1
[  500460ms] [LOG] [Object, Object, Object, Object, Object, Object, Object, Object, Object, Object, Object, Object, Object, Object, Object, Object] trtgg @ https://edvenswatech.emportal.me/static/js/main.661aa5ff.js:1
[  500460ms] [LOG] {associateId: 2296, fullName: Vamsi Priya V, projects: Stax Payments, username: priya.vadlamudi@edvenswatech.com, tenant_id: 1} pm @ https://edvenswatech.emportal.me/static/js/main.661aa5ff.js:1
[  500820ms] [LOG] false arr @ https://edvenswatech.emportal.me/static/js/main.661aa5ff.js:1
[  500820ms] [LOG] [Object, Object, Object, Object, Object, Object, Object, Object, Object, Object, Object, Object, Object, Object, Object, Object] trtgg @ https://edvenswatech.emportal.me/static/js/main.661aa5ff.js:1
[  500821ms] [LOG] {associateId: 2296, fullName: Vamsi Priya V, projects: Stax Payments, username: priya.vadlamudi@edvenswatech.com, tenant_id: 1} pm @ https://edvenswatech.emportal.me/static/js/main.661aa5ff.js:1
[  500895ms] [LOG] false arr @ https://edvenswatech.emportal.me/static/js/main.661aa5ff.js:1
[  500895ms] [LOG] [] trtgg @ https://edvenswatech.emportal.me/static/js/main.661aa5ff.js:1
[  500895ms] [LOG] {associateId: 2296, fullName: Vamsi Priya V, projects: Stax Payments, username: priya.vadlamudi@edvenswatech.com, tenant_id: 1} pm @ https://edvenswatech.emportal.me/static/js/main.661aa5ff.js:1
[  501876ms] [LOG] false arr @ https://edvenswatech.emportal.me/static/js/main.661aa5ff.js:1
[  501877ms] [LOG] [] trtgg @ https://edvenswatech.emportal.me/static/js/main.661aa5ff.js:1
[  501877ms] [LOG] {associateId: 2296, fullName: Vamsi Priya V, projects: Stax Payments, username: priya.vadlamudi@edvenswatech.com, tenant_id: 1} pm @ https://edvenswatech.emportal.me/static/js/main.661aa5ff.js:1
[  501948ms] [LOG] false arr @ https://edvenswatech.emportal.me/static/js/main.661aa5ff.js:1
[  501948ms] [LOG] [] trtgg @ https://edvenswatech.emportal.me/static/js/main.661aa5ff.js:1
[  501949ms] [LOG] {associateId: 2296, fullName: Vamsi Priya V, projects: Stax Payments, username: priya.vadlamudi@edvenswatech.com, tenant_id: 1} pm @ https://edvenswatech.emportal.me/static/js/main.661aa5ff.js:1
[  502008ms] [LOG] [Object, Object, Object, Object, Object, Object, Object, Object, Object, Object, Object, Object, Object, Object, Object, Object] sd @ https://edvenswatech.emportal.me/static/js/main.661aa5ff.js:1
[  502021ms] [LOG] false arr @ https://edvenswatech.emportal.me/static/js/main.661aa5ff.js:1
[  502022ms] [LOG] [Object, Object, Object, Object, Object, Object, Object, Object, Object, Object, Object, Object, Object, Object, Object, Object] trtgg @ https://edvenswatech.emportal.me/static/js/main.661aa5ff.js:1
[  502022ms] [LOG] {associateId: 2296, fullName: Vamsi Priya V, projects: Stax Payments, username: priya.vadlamudi@edvenswatech.com, tenant_id: 1} pm @ https://edvenswatech.emportal.me/static/js/main.661aa5ff.js:1
[  502078ms] [LOG] Using processed ratings: [Object, Object, Object, Object, Object, Object, Object, Object, Object, Object, Object, Object, Object, Object, Object, Object] @ https://edvenswatech.emportal.me/static/js/main.661aa5ff.js:1
[  502096ms] [LOG] false arr @ https://edvenswatech.emportal.me/static/js/main.661aa5ff.js:1
[  502096ms] [LOG] [Object, Object, Object, Object, Object, Object, Object, Object, Object, Object, Object, Object, Object, Object, Object, Object] trtgg @ https://edvenswatech.emportal.me/static/js/main.661aa5ff.js:1
[  502096ms] [LOG] {associateId: 2296, fullName: Vamsi Priya V, projects: Stax Payments, username: priya.vadlamudi@edvenswatech.com, tenant_id: 1} pm @ https://edvenswatech.emportal.me/static/js/main.661aa5ff.js:1
[  502228ms] [LOG] false arr @ https://edvenswatech.emportal.me/static/js/main.661aa5ff.js:1
[  502228ms] [LOG] [Object, Object, Object, Object, Object, Object, Object, Object, Object, Object, Object, Object, Object, Object, Object, Object] trtgg @ https://edvenswatech.emportal.me/static/js/main.661aa5ff.js:1
[  502228ms] [LOG] {associateId: 2296, fullName: Vamsi Priya V, projects: Stax Payments, username: priya.vadlamudi@edvenswatech.com, tenant_id: 1} pm @ https://edvenswatech.emportal.me/static/js/main.661aa5ff.js:1
[  503436ms] [LOG] false arr @ https://edvenswatech.emportal.me/static/js/main.661aa5ff.js:1
[  503436ms] [LOG] [Object, Object, Object, Object, Object, Object, Object, Object, Object, Object, Object, Object, Object, Object, Object, Object] trtgg @ https://edvenswatech.emportal.me/static/js/main.661aa5ff.js:1
[  503437ms] [LOG] {associateId: 2296, fullName: Vamsi Priya V, projects: Stax Payments, username: priya.vadlamudi@edvenswatech.com, tenant_id: 1} pm @ https://edvenswatech.emportal.me/static/js/main.661aa5ff.js:1
